============================= test session starts =============================
platform win32 -- Python 3.12.1, pytest-7.4.4, pluggy-1.6.0 -- C:\Users\gilad\AppData\Local\pypoetry\Cache\virtualenvs\knowledge-management-system-sZdEDR-T-py3.12\Scripts\python.exe
cachedir: .pytest_cache
rootdir: C:\Users\gilad\OneDrive\Documents\NessHomeUpdated\NessHomeTask
configfile: pytest.ini
plugins: anyio-3.7.1, asyncio-0.21.2, cov-4.1.0
asyncio: mode=Mode.STRICT
collecting ... collected 96 items / 1 error

=================================== ERRORS ====================================
____________________ ERROR collecting tests/test_routes.py ____________________
E   TypeError: Client.__init__() got an unexpected keyword argument 'app'
=========================== short test summary info ===========================
ERROR tests/test_routes.py - TypeError: Client.__init__() got an unexpected k...
!!!!!!!!!!!!!!!!!!! Interrupted: 1 error during collection !!!!!!!!!!!!!!!!!!!!
======================== 6 warnings, 1 error in 6.25s =========================
